Script started on Fri 22 Mar 2019 06:11:08 PM EDT
yangme16@dh2020pc18:~/209_repo/t10$ gdb bufserver
GNU gdb (Ubuntu 7.11.1-0ubuntu1~16.5) 7.11.1
Copyright (C) 2016 Free Software Foundation, Inc.
License GPLv3+: GNU GPL version 3 or later <http://gnu.org/licenses/gpl.html>
This is free software: you are free to change and redistribute it.
There is NO WARRANTY, to the extent permitted by law.  Type "show copying"
and "show warranty" for details.
This GDB was configured as "x86_64-linux-gnu".
Type "show configuration" for configuration details.
For bug reporting instructions, please see:
<http://www.gnu.org/software/gdb/bugs/>.
Find the GDB manual and other documentation resources online at:
<http://www.gnu.org/software/gdb/documentation/>.
For help, type "help".
Type "apropos word" to search for commands related to "word"...
Reading symbols from bufserver...done.
(gdb) break setup_server_socket
Breakpoint 1 at 0x4016cc: file socket.c, line 33.
(gdb) next
The program is not being run.
(gdb) n
The program is not being run.
(gdb) n
The program is not being run.
(gdb) n
The program is not being run.
(gdb) n
The program is not being run.
(gdb) tun
Undefined command: "tun".  Try "help".
(gdb) run
Starting program: /student/yangme16/209_repo/t10/bufserver 
[Thread debugging using libthread_db enabled]
Using host libthread_db library "/lib/x86_64-linux-gnu/libthread_db.so.1".

Breakpoint 1, setup_server_socket (self=0x60200000eff0, num_queue=5)
    at socket.c:33
33	int setup_server_socket(struct sockaddr_in *self, int num_queue) {
(gdb) next
34	    int soc = socket(PF_INET, SOCK_STREAM, 0);
(gdb) n
35	    if (soc < 0) {
(gdb) n
42	    int on = 1;
(gdb) n
43	    int status = setsockopt(soc, SOL_SOCKET, SO_REUSEADDR,
(gdb) n
45	    if (status < 0) {
(gdb) n
51	    if (bind(soc, (struct sockaddr *)self, sizeof(*self)) < 0) {
(gdb) n
58	    if (listen(soc, num_queue) < 0) {
(gdb) n
64	    return soc;
(gdb) n
33	int setup_server_socket(struct sockaddr_in *self, int num_queue) {
(gdb) n
65	}
(gdb) n
main () at bufserver.c:29
29	        int fd = accept_connection(listenfd);
(gdb) n
Waiting for a new connection...
New connection accepted from 127.0.0.1:55662
30	        if (fd < 0) {
(gdb) n
35	        char buf[BUFSIZE] = {'\0'};//很大很大的一个容器
(gdb) n
36	        int inbuf = 0;           // How many bytes currently in buffer?
(gdb) n
37	        int room = sizeof(buf);  // How many bytes remaining in buffer?
(gdb) n
38	        char *after = buf;       // Pointer to position after the data in buf
(gdb) n
44	        while ((nbytes = read(fd, after, room)) > 0) {//这里after下一次就是where了
(gdb) n
46	            inbuf += nbytes;
(gdb) n
60	            while ((where = find_network_newline(buf, inbuf)) > 0) {
(gdb) n
69	                buf[where-2] = '\0';
(gdb) n
70	                printf("Next message: %s\n", buf);
(gdb) n
Next message: A stitch in time
76	                inbuf -= where;//剩下还有多少个char没查
(gdb) n
95	                memmove(buf,buf+where,inbuf);
(gdb) n
60	            while ((where = find_network_newline(buf, inbuf)) > 0) {
(gdb) n
99	            after = buf+inbuf;
(gdb) n
100	            room = BUFSIZE - inbuf;
(gdb) n
44	        while ((nbytes = read(fd, after, room)) > 0) {//这里after下一次就是where了
(gdb) n
46	            inbuf += nbytes;
(gdb) n
60	            while ((where = find_network_newline(buf, inbuf)) > 0) {
(gdb) n
69	                buf[where-2] = '\0';
(gdb) n
70	                printf("Next message: %s\n", buf);
(gdb) n
Next message: A stitch in time
76	                inbuf -= where;//剩下还有多少个char没查
(gdb) n
95	                memmove(buf,buf+where,inbuf);
(gdb) n
60	            while ((where = find_network_newline(buf, inbuf)) > 0) {
(gdb) n
99	            after = buf+inbuf;
(gdb) n
100	            room = BUFSIZE - inbuf;
(gdb) n
44	        while ((nbytes = read(fd, after, room)) > 0) {//这里after下一次就是where了
(gdb) n
46	            inbuf += nbytes;
(gdb) n
60	            while ((where = find_network_newline(buf, inbuf)) > 0) {
(gdb) n
69	                buf[where-2] = '\0';
(gdb) n
70	                printf("Next message: %s\n", buf);
(gdb) n
Next message: A stitch in time
76	                inbuf -= where;//剩下还有多少个char没查
(gdb) n
95	                memmove(buf,buf+where,inbuf);
(gdb) n
60	            while ((where = find_network_newline(buf, inbuf)) > 0) {
(gdb) n
99	            after = buf+inbuf;
(gdb) n
100	            room = BUFSIZE - inbuf;
(gdb) n
44	        while ((nbytes = read(fd, after, room)) > 0) {//这里after下一次就是where了
(gdb) n
46	            inbuf += nbytes;
(gdb) n
60	            while ((where = find_network_newline(buf, inbuf)) > 0) {
(gdb) n
69	                buf[where-2] = '\0';
(gdb) n
70	                printf("Next message: %s\n", buf);
(gdb) n
Next message: A stitch in time
76	                inbuf -= where;//剩下还有多少个char没查
(gdb) n
95	                memmove(buf,buf+where,inbuf);
(gdb) n
60	            while ((where = find_network_newline(buf, inbuf)) > 0) {
(gdb) n
99	            after = buf+inbuf;
(gdb) n
100	            room = BUFSIZE - inbuf;
(gdb) n
44	        while ((nbytes = read(fd, after, room)) > 0) {//这里after下一次就是where了
(gdb) n
46	            inbuf += nbytes;
(gdb) n
60	            while ((where = find_network_newline(buf, inbuf)) > 0) {
(gdb) n
69	                buf[where-2] = '\0';
(gdb) n
70	                printf("Next message: %s\n", buf);
(gdb) n
Next message: A stitch in time
76	                inbuf -= where;//剩下还有多少个char没查
(gdb) n
95	                memmove(buf,buf+where,inbuf);
(gdb) n
60	            while ((where = find_network_newline(buf, inbuf)) > 0) {
(gdb) n
99	            after = buf+inbuf;
(gdb) n
100	            room = BUFSIZE - inbuf;
(gdb) n
44	        while ((nbytes = read(fd, after, room)) > 0) {//这里after下一次就是where了
(gdb) n
104	        close(fd);
(gdb) n
29	        int fd = accept_connection(listenfd);
(gdb) n
Waiting for a new connection...
n
n
n quit
New connection accepted from 127.0.0.1:55666
30	        if (fd < 0) {
(gdb) n
35	        char buf[BUFSIZE] = {'\0'};//很大很大的一个容器
(gdb) n
36	        int inbuf = 0;           // How many bytes currently in buffer?
(gdb) quit
A debugging session is active.

	Inferior 1 [process 19949] will be killed.

Quit anyway? (y or n) y
yangme16@dh2020pc18:~/209_repo/t10$ exit
exit

Script done on Fri 22 Mar 2019 06:18:47 PM EDT
